../Core/Src/main.c:96:6:HAL_ADC_ConvCpltCallback	16	static
../Core/Src/main.c:107:5:main	16	static
../Core/Src/main.c:195:6:SystemClock_Config	96	static
../Core/Src/main.c:258:13:MX_ADC1_Init	32	static
../Core/Src/main.c:325:13:MX_I2C1_Init	8	static
../Core/Src/main.c:373:13:MX_RTC_Init	80	static
../Core/Src/main.c:456:13:MX_TIM2_Init	40	static
../Core/Src/main.c:501:13:MX_USART1_UART_Init	8	static
../Core/Src/main.c:534:13:MX_DMA_Init	16	static
../Core/Src/main.c:552:13:MX_GPIO_Init	48	static
../Core/Src/main.c:611:6:HAL_RTC_AlarmAEventCallback	16	static
../Core/Src/main.c:622:6:Error_Handler	4	static,ignoring_inline_asm
