../Core/Src/main.c:72:6:HAL_ADC_ConvCpltCallback	16	static
../Core/Src/main.c:83:5:main	112	static
../Core/Src/main.c:186:6:SystemClock_Config	96	static
../Core/Src/main.c:247:13:MX_ADC1_Init	32	static
../Core/Src/main.c:314:13:MX_I2C1_Init	8	static
../Core/Src/main.c:362:13:MX_TIM2_Init	40	static
../Core/Src/main.c:407:13:MX_USART1_UART_Init	8	static
../Core/Src/main.c:440:13:MX_DMA_Init	16	static
../Core/Src/main.c:458:13:MX_GPIO_Init	40	static
../Core/Src/main.c:491:6:Error_Handler	4	static,ignoring_inline_asm
